Component: ARM Compiler 5.06 update 6 (build 750) Tool: armlink [4d35ed]

==============================================================================

Section Cross References

    main.o(RESET) refers to main.o(STACK) for StackMem
    main.o(RESET) refers to main.o(.text) for Reset_Handler


==============================================================================

Image Symbol Table

    Local Symbols

    Symbol Name                              Value     Ov Type        Size  Object(Section)

    RESET                                    0x00000000   Section        8  main.o(RESET)
    main.s                                   0x00000000   Number         0  main.o ABSOLUTE
    .text                                    0x00000008   Section       14  main.o(.text)
    $v0                                      0x00000008   Number         0  main.o(.text)
    STACK                                    0x20000000   Section      256  main.o(STACK)
    StackMem                                 0x20000000   Data         256  main.o(STACK)

    Global Symbols

    Symbol Name                              Value     Ov Type        Size  Object(Section)

    BuildAttributes$$THM_ISAv4$E$P$D$K$B$S$7EM$VFPi3$EXTD16$VFPS$VFMA$PE$A:L22UL41UL21$X:L11$S22US41US21$IEEE1$IW$USESV6$~STKCKD$USESV7$~SHL$OSPACE$EBA8$MICROLIB$PRES8$EABIv2 0x00000000   Number         0  anon$$obj.o ABSOLUTE
    __Vectors                                0x00000000   Data           0  main.o(RESET)
    Reset_Handler                            0x00000009   Thumb Code     0  main.o(.text)



==============================================================================

Memory Map of the image

  Image Entry point : 0x00000009

  Load Region LR_IROM1 (Base: 0x00000000, Size: 0x00000018, Max: 0x00040000, ABSOLUTE)

    Execution Region ER_IROM1 (Exec base: 0x00000000, Load base: 0x00000000, Size: 0x00000018, Max: 0x00040000, ABSOLUTE)

    Exec Addr    Load Addr    Size         Type   Attr      Idx    E Section Name        Object

    0x00000000   0x00000000   0x00000008   Data   RO            2    RESET               main.o
    0x00000008   0x00000008   0x0000000e   Code   RO            3  * .text               main.o


    Execution Region RW_IRAM1 (Exec base: 0x20000000, Load base: 0x00000018, Size: 0x00000100, Max: 0x00020000, ABSOLUTE)

    Exec Addr    Load Addr    Size         Type   Attr      Idx    E Section Name        Object

    0x20000000        -       0x00000100   Zero   RW            1    STACK               main.o


==============================================================================

Image component sizes


      Code (inc. data)   RO Data    RW Data    ZI Data      Debug   Object Name

        14          0          8          0        256        244   main.o

    ----------------------------------------------------------------------
        16          0          8          0        256        244   Object Totals
         0          0          0          0          0          0   (incl. Generated)
         2          0          0          0          0          0   (incl. Padding)

    ----------------------------------------------------------------------
         0          0          0          0          0          0   Library Totals
         0          0          0          0          0          0   (incl. Padding)

    ----------------------------------------------------------------------

==============================================================================


      Code (inc. data)   RO Data    RW Data    ZI Data      Debug   

        16          0          8          0        256        244   Grand Totals
        16          0          8          0        256        244   ELF Image Totals
        16          0          8          0          0          0   ROM Totals

==============================================================================

    Total RO  Size (Code + RO Data)                   24 (   0.02kB)
    Total RW  Size (RW Data + ZI Data)               256 (   0.25kB)
    Total ROM Size (Code + RO Data + RW Data)         24 (   0.02kB)

==============================================================================

