


ARM Macro Assembler    Page 1 


    1 00000000         ;P = Q +S +R
    2 00000000         ;Q=2, R=4, S=5
    3 00000000         
    4 00000000         
    5 00000000         
    6 00000000         
    7 00000000                 AREA             eg3, CODE, READONLY
    8 00000000                 ENTRY
    9 00000000                 EXPORT           __main
   10 00000000         
   11 00000000         __main
   12 00000000 F20F 0414 
              F104 0400        ADRL             R4,Vals     ;R4 points to vals 
                                                            area
   13 00000008 6861            LDR              R1,[R4,#Q]  ; load Q=2 into R1
   14 0000000A 68A2            LDR              R2,[R4,#R]  ; load R=4 into R2
   15 0000000C 68E3            LDR              R3,[R4,#S]  ; load  S=5  inot R
                                                            3
   16 0000000E         
   17 0000000E EB01 0002       ADD              R0,R1,R2
   18 00000012 4418            ADD              R0,R0,R3
   19 00000014         
   20 00000014 6020            STR              R0,[R4,#P]
   21 00000016         
   22 00000016         Stop
   23 00000016 E7FE            B                Stop
   24 00000018         
   25 00000018 00000000 
                       P       EQU              0
   26 00000018 00000004 
                       Q       EQU              4
   27 00000018 00000008 
                       R       EQU              8
   28 00000018 0000000C 
                       S       EQU              12
   29 00000018         
   30 00000018                 AREA             eg3, DATA, READONLY
   31 00000018         
   32 00000018 00 00 00 
              00       Vals    SPACE            4
   33 0000001C 00000002        DCD              2
   34 00000020 00000004        DCD              4
   35 00000024 00000005        DCD              5
   36 00000028         
   37 00000028                 ALIGN
   38 00000028         
   39 00000028                 END
Command Line: --debug --xref --diag_suppress=9931 --cpu=Cortex-M4.fp --apcs=int
erwork --depend=.\objects\main.d -o.\objects\main.o -I.\RTE\_CortexM4 -IC:\Keil
_v5\ARM\PACK\ARM\CMSIS\5.3.0\CMSIS\Include -IC:\Keil_v5\ARM\PACK\Keil\STM32F4xx
_DFP\2.13.0\Drivers\CMSIS\Device\ST\STM32F4xx\Include --predefine="__EVAL SETA 
1" --predefine="__MICROLIB SETA 1" --predefine="__UVISION_VERSION SETA 525" --p
redefine="_RTE_ SETA 1" --predefine="STM32F411xE SETA 1" --list=.\listings\main
.lst main.s



ARM Macro Assembler    Page 1 Alphabetic symbol ordering
Relocatable symbols

Stop 00000016

Symbol: Stop
   Definitions
      At line 22 in file main.s
   Uses
      At line 23 in file main.s
Comment: Stop used once
Vals 00000018

Symbol: Vals
   Definitions
      At line 32 in file main.s
   Uses
      At line 12 in file main.s
Comment: Vals used once
__main 00000000

Symbol: __main
   Definitions
      At line 11 in file main.s
   Uses
      At line 9 in file main.s
Comment: __main used once
eg3 00000000

Symbol: eg3
   Definitions
      At line 7 in file main.s
   Uses
      None
Comment: eg3 unused
4 symbols



ARM Macro Assembler    Page 1 Alphabetic symbol ordering
Absolute symbols

P 00000000

Symbol: P
   Definitions
      At line 25 in file main.s
   Uses
      At line 20 in file main.s
Comment: P used once
Q 00000004

Symbol: Q
   Definitions
      At line 26 in file main.s
   Uses
      At line 13 in file main.s
Comment: Q used once
R 00000008

Symbol: R
   Definitions
      At line 27 in file main.s
   Uses
      At line 14 in file main.s
Comment: R used once
S 0000000C

Symbol: S
   Definitions
      At line 28 in file main.s
   Uses
      At line 15 in file main.s
Comment: S used once
4 symbols
344 symbols in table
