Component: ARM Compiler 5.06 update 6 (build 750) Tool: armlink [4d35ed]

==============================================================================

Section Cross References

    startup_stm32f411xe.o(RESET) refers to startup_stm32f411xe.o(STACK) for __initial_sp
    startup_stm32f411xe.o(RESET) refers to startup_stm32f411xe.o(.text) for Reset_Handler
    startup_stm32f411xe.o(.text) refers to system_stm32f4xx.o(i.SystemInit) for SystemInit
    startup_stm32f411xe.o(.text) refers to main.o(simpleShift) for __main
    system_stm32f4xx.o(i.SystemCoreClockUpdate) refers to system_stm32f4xx.o(.data) for SystemCoreClock
    system_stm32f4xx.o(i.SystemCoreClockUpdate) refers to system_stm32f4xx.o(.constdata) for AHBPrescTable


==============================================================================

Image Symbol Table

    Local Symbols

    Symbol Name                              Value     Ov Type        Size  Object(Section)

    RTE\Device\STM32F411VETx\startup_stm32f411xe.s 0x00000000   Number         0  startup_stm32f411xe.o ABSOLUTE
    RTE\Device\STM32F411VETx\system_stm32f4xx.c 0x00000000   Number         0  system_stm32f4xx.o ABSOLUTE
    RTE\\Device\\STM32F411VETx\\system_stm32f4xx.c 0x00000000   Number         0  system_stm32f4xx.o ABSOLUTE
    main.s                                   0x00000000   Number         0  main.o ABSOLUTE
    RESET                                    0x08000000   Section      408  startup_stm32f411xe.o(RESET)
    .rev16_text                              0x08000198   Section        4  system_stm32f4xx.o(.rev16_text)
    $v0                                      0x08000198   Number         0  system_stm32f4xx.o(.rev16_text)
    .revsh_text                              0x0800019c   Section        4  system_stm32f4xx.o(.revsh_text)
    $v0                                      0x0800019c   Number         0  system_stm32f4xx.o(.revsh_text)
    .rrx_text                                0x080001a0   Section        6  system_stm32f4xx.o(.rrx_text)
    $v0                                      0x080001a0   Number         0  system_stm32f4xx.o(.rrx_text)
    .text                                    0x080001a8   Section       36  startup_stm32f411xe.o(.text)
    $v0                                      0x080001a8   Number         0  startup_stm32f411xe.o(.text)
    i.SystemCoreClockUpdate                  0x080001cc   Section        0  system_stm32f4xx.o(i.SystemCoreClockUpdate)
    i.SystemInit                             0x0800028c   Section        0  system_stm32f4xx.o(i.SystemInit)
    simpleShift                              0x080002f0   Section       20  main.o(simpleShift)
    $v0                                      0x080002f0   Number         0  main.o(simpleShift)
    .constdata                               0x08000304   Section       24  system_stm32f4xx.o(.constdata)
    .data                                    0x20000000   Section        4  system_stm32f4xx.o(.data)
    HEAP                                     0x20000008   Section      512  startup_stm32f411xe.o(HEAP)
    STACK                                    0x20000208   Section     1024  startup_stm32f411xe.o(STACK)

    Global Symbols

    Symbol Name                              Value     Ov Type        Size  Object(Section)

    BuildAttributes$$THM_ISAv4$E$P$D$K$B$S$7EM$VFPi3$EXTD16$VFPS$VFMA$PE$A:L22UL41UL21$X:L11$S22US41US21$IEEE1$IW$USESV6$~STKCKD$USESV7$~SHL$OSPACE$EBA8$MICROLIB$REQ8$PRES8$EABIv2 0x00000000   Number         0  anon$$obj.o ABSOLUTE
    __Vectors_Size                           0x00000198   Number         0  startup_stm32f411xe.o ABSOLUTE
    __Vectors                                0x08000000   Data           4  startup_stm32f411xe.o(RESET)
    __Vectors_End                            0x08000198   Data           0  startup_stm32f411xe.o(RESET)
    __asm___18_system_stm32f4xx_c_5d646a67____REV16 0x08000199   Thumb Code     4  system_stm32f4xx.o(.rev16_text)
    __asm___18_system_stm32f4xx_c_5d646a67____REVSH 0x0800019d   Thumb Code     4  system_stm32f4xx.o(.revsh_text)
    __asm___18_system_stm32f4xx_c_5d646a67____RRX 0x080001a1   Thumb Code     6  system_stm32f4xx.o(.rrx_text)
    Reset_Handler                            0x080001a9   Thumb Code     8  startup_stm32f411xe.o(.text)
    NMI_Handler                              0x080001b1   Thumb Code     2  startup_stm32f411xe.o(.text)
    HardFault_Handler                        0x080001b3   Thumb Code     2  startup_stm32f411xe.o(.text)
    MemManage_Handler                        0x080001b5   Thumb Code     2  startup_stm32f411xe.o(.text)
    BusFault_Handler                         0x080001b7   Thumb Code     2  startup_stm32f411xe.o(.text)
    UsageFault_Handler                       0x080001b9   Thumb Code     2  startup_stm32f411xe.o(.text)
    SVC_Handler                              0x080001bb   Thumb Code     2  startup_stm32f411xe.o(.text)
    DebugMon_Handler                         0x080001bd   Thumb Code     2  startup_stm32f411xe.o(.text)
    PendSV_Handler                           0x080001bf   Thumb Code     2  startup_stm32f411xe.o(.text)
    SysTick_Handler                          0x080001c1   Thumb Code     2  startup_stm32f411xe.o(.text)
    ADC_IRQHandler                           0x080001c3   Thumb Code     0  startup_stm32f411xe.o(.text)
    DMA1_Stream0_IRQHandler                  0x080001c3   Thumb Code     0  startup_stm32f411xe.o(.text)
    DMA1_Stream1_IRQHandler                  0x080001c3   Thumb Code     0  startup_stm32f411xe.o(.text)
    DMA1_Stream2_IRQHandler                  0x080001c3   Thumb Code     0  startup_stm32f411xe.o(.text)
    DMA1_Stream3_IRQHandler                  0x080001c3   Thumb Code     0  startup_stm32f411xe.o(.text)
    DMA1_Stream4_IRQHandler                  0x080001c3   Thumb Code     0  startup_stm32f411xe.o(.text)
    DMA1_Stream5_IRQHandler                  0x080001c3   Thumb Code     0  startup_stm32f411xe.o(.text)
    DMA1_Stream6_IRQHandler                  0x080001c3   Thumb Code     0  startup_stm32f411xe.o(.text)
    DMA1_Stream7_IRQHandler                  0x080001c3   Thumb Code     0  startup_stm32f411xe.o(.text)
    DMA2_Stream0_IRQHandler                  0x080001c3   Thumb Code     0  startup_stm32f411xe.o(.text)
    DMA2_Stream1_IRQHandler                  0x080001c3   Thumb Code     0  startup_stm32f411xe.o(.text)
    DMA2_Stream2_IRQHandler                  0x080001c3   Thumb Code     0  startup_stm32f411xe.o(.text)
    DMA2_Stream3_IRQHandler                  0x080001c3   Thumb Code     0  startup_stm32f411xe.o(.text)
    DMA2_Stream4_IRQHandler                  0x080001c3   Thumb Code     0  startup_stm32f411xe.o(.text)
    DMA2_Stream5_IRQHandler                  0x080001c3   Thumb Code     0  startup_stm32f411xe.o(.text)
    DMA2_Stream6_IRQHandler                  0x080001c3   Thumb Code     0  startup_stm32f411xe.o(.text)
    DMA2_Stream7_IRQHandler                  0x080001c3   Thumb Code     0  startup_stm32f411xe.o(.text)
    EXTI0_IRQHandler                         0x080001c3   Thumb Code     0  startup_stm32f411xe.o(.text)
    EXTI15_10_IRQHandler                     0x080001c3   Thumb Code     0  startup_stm32f411xe.o(.text)
    EXTI1_IRQHandler                         0x080001c3   Thumb Code     0  startup_stm32f411xe.o(.text)
    EXTI2_IRQHandler                         0x080001c3   Thumb Code     0  startup_stm32f411xe.o(.text)
    EXTI3_IRQHandler                         0x080001c3   Thumb Code     0  startup_stm32f411xe.o(.text)
    EXTI4_IRQHandler                         0x080001c3   Thumb Code     0  startup_stm32f411xe.o(.text)
    EXTI9_5_IRQHandler                       0x080001c3   Thumb Code     0  startup_stm32f411xe.o(.text)
    FLASH_IRQHandler                         0x080001c3   Thumb Code     0  startup_stm32f411xe.o(.text)
    FPU_IRQHandler                           0x080001c3   Thumb Code     0  startup_stm32f411xe.o(.text)
    I2C1_ER_IRQHandler                       0x080001c3   Thumb Code     0  startup_stm32f411xe.o(.text)
    I2C1_EV_IRQHandler                       0x080001c3   Thumb Code     0  startup_stm32f411xe.o(.text)
    I2C2_ER_IRQHandler                       0x080001c3   Thumb Code     0  startup_stm32f411xe.o(.text)
    I2C2_EV_IRQHandler                       0x080001c3   Thumb Code     0  startup_stm32f411xe.o(.text)
    I2C3_ER_IRQHandler                       0x080001c3   Thumb Code     0  startup_stm32f411xe.o(.text)
    I2C3_EV_IRQHandler                       0x080001c3   Thumb Code     0  startup_stm32f411xe.o(.text)
    OTG_FS_IRQHandler                        0x080001c3   Thumb Code     0  startup_stm32f411xe.o(.text)
    OTG_FS_WKUP_IRQHandler                   0x080001c3   Thumb Code     0  startup_stm32f411xe.o(.text)
    PVD_IRQHandler                           0x080001c3   Thumb Code     0  startup_stm32f411xe.o(.text)
    RCC_IRQHandler                           0x080001c3   Thumb Code     0  startup_stm32f411xe.o(.text)
    RTC_Alarm_IRQHandler                     0x080001c3   Thumb Code     0  startup_stm32f411xe.o(.text)
    RTC_WKUP_IRQHandler                      0x080001c3   Thumb Code     0  startup_stm32f411xe.o(.text)
    SDIO_IRQHandler                          0x080001c3   Thumb Code     0  startup_stm32f411xe.o(.text)
    SPI1_IRQHandler                          0x080001c3   Thumb Code     0  startup_stm32f411xe.o(.text)
    SPI2_IRQHandler                          0x080001c3   Thumb Code     0  startup_stm32f411xe.o(.text)
    SPI3_IRQHandler                          0x080001c3   Thumb Code     0  startup_stm32f411xe.o(.text)
    SPI4_IRQHandler                          0x080001c3   Thumb Code     0  startup_stm32f411xe.o(.text)
    SPI5_IRQHandler                          0x080001c3   Thumb Code     0  startup_stm32f411xe.o(.text)
    TAMP_STAMP_IRQHandler                    0x080001c3   Thumb Code     0  startup_stm32f411xe.o(.text)
    TIM1_BRK_TIM9_IRQHandler                 0x080001c3   Thumb Code     0  startup_stm32f411xe.o(.text)
    TIM1_CC_IRQHandler                       0x080001c3   Thumb Code     0  startup_stm32f411xe.o(.text)
    TIM1_TRG_COM_TIM11_IRQHandler            0x080001c3   Thumb Code     0  startup_stm32f411xe.o(.text)
    TIM1_UP_TIM10_IRQHandler                 0x080001c3   Thumb Code     0  startup_stm32f411xe.o(.text)
    TIM2_IRQHandler                          0x080001c3   Thumb Code     0  startup_stm32f411xe.o(.text)
    TIM3_IRQHandler                          0x080001c3   Thumb Code     0  startup_stm32f411xe.o(.text)
    TIM4_IRQHandler                          0x080001c3   Thumb Code     0  startup_stm32f411xe.o(.text)
    TIM5_IRQHandler                          0x080001c3   Thumb Code     0  startup_stm32f411xe.o(.text)
    USART1_IRQHandler                        0x080001c3   Thumb Code     0  startup_stm32f411xe.o(.text)
    USART2_IRQHandler                        0x080001c3   Thumb Code     0  startup_stm32f411xe.o(.text)
    USART6_IRQHandler                        0x080001c3   Thumb Code     0  startup_stm32f411xe.o(.text)
    WWDG_IRQHandler                          0x080001c3   Thumb Code     0  startup_stm32f411xe.o(.text)
    SystemCoreClockUpdate                    0x080001cd   Thumb Code   170  system_stm32f4xx.o(i.SystemCoreClockUpdate)
    SystemInit                               0x0800028d   Thumb Code    82  system_stm32f4xx.o(i.SystemInit)
    __main                                   0x080002f1   Thumb Code     0  main.o(simpleShift)
    AHBPrescTable                            0x08000304   Data          16  system_stm32f4xx.o(.constdata)
    APBPrescTable                            0x08000314   Data           8  system_stm32f4xx.o(.constdata)
    SystemCoreClock                          0x20000000   Data           4  system_stm32f4xx.o(.data)
    __heap_base                              0x20000008   Data           0  startup_stm32f411xe.o(HEAP)
    __heap_limit                             0x20000208   Data           0  startup_stm32f411xe.o(HEAP)
    __initial_sp                             0x20000608   Data           0  startup_stm32f411xe.o(STACK)



==============================================================================

Memory Map of the image

  Image entry point : Not specified.

  Load Region LR_IROM1 (Base: 0x08000000, Size: 0x00000320, Max: 0x00080000, ABSOLUTE)

    Execution Region ER_IROM1 (Exec base: 0x08000000, Load base: 0x08000000, Size: 0x0000031c, Max: 0x00080000, ABSOLUTE)

    Exec Addr    Load Addr    Size         Type   Attr      Idx    E Section Name        Object

    0x08000000   0x08000000   0x00000198   Data   RO            8    RESET               startup_stm32f411xe.o
    0x08000198   0x08000198   0x00000004   Code   RO           13    .rev16_text         system_stm32f4xx.o
    0x0800019c   0x0800019c   0x00000004   Code   RO           14    .revsh_text         system_stm32f4xx.o
    0x080001a0   0x080001a0   0x00000006   Code   RO           15    .rrx_text           system_stm32f4xx.o
    0x080001a6   0x080001a6   0x00000002   PAD
    0x080001a8   0x080001a8   0x00000024   Code   RO            9    .text               startup_stm32f411xe.o
    0x080001cc   0x080001cc   0x000000c0   Code   RO           16    i.SystemCoreClockUpdate  system_stm32f4xx.o
    0x0800028c   0x0800028c   0x00000064   Code   RO           17    i.SystemInit        system_stm32f4xx.o
    0x080002f0   0x080002f0   0x00000014   Code   RO            1    simpleShift         main.o
    0x08000304   0x08000304   0x00000018   Data   RO           18    .constdata          system_stm32f4xx.o


    Execution Region RW_IRAM1 (Exec base: 0x20000000, Load base: 0x0800031c, Size: 0x00000608, Max: 0x00020000, ABSOLUTE)

    Exec Addr    Load Addr    Size         Type   Attr      Idx    E Section Name        Object

    0x20000000   0x0800031c   0x00000004   Data   RW           19    .data               system_stm32f4xx.o
    0x20000004   0x08000320   0x00000004   PAD
    0x20000008        -       0x00000200   Zero   RW            7    HEAP                startup_stm32f411xe.o
    0x20000208        -       0x00000400   Zero   RW            6    STACK               startup_stm32f411xe.o


==============================================================================

Image component sizes


      Code (inc. data)   RO Data    RW Data    ZI Data      Debug   Object Name

        20          0          0          0          0        244   main.o
        36          8        408          0       1536        864   startup_stm32f411xe.o
       306         40         24          4          0       8239   system_stm32f4xx.o

    ----------------------------------------------------------------------
       364         48        432          4       1540       9347   Object Totals
         0          0          0          0          0          0   (incl. Generated)
         2          0          0          0          4          0   (incl. Padding)

    ----------------------------------------------------------------------
         0          0          0          0          0          0   Library Totals
         0          0          0          0          0          0   (incl. Padding)

    ----------------------------------------------------------------------

==============================================================================


      Code (inc. data)   RO Data    RW Data    ZI Data      Debug   

       364         48        432          4       1540       9047   Grand Totals
       364         48        432          4       1540       9047   ELF Image Totals
       364         48        432          4          0          0   ROM Totals

==============================================================================

    Total RO  Size (Code + RO Data)                  796 (   0.78kB)
    Total RW  Size (RW Data + ZI Data)              1544 (   1.51kB)
    Total ROM Size (Code + RO Data + RW Data)        800 (   0.78kB)

==============================================================================

