


ARM Macro Assembler    Page 1 


    1 00000000         
    2 00000000         
    3 00000000                 AREA             myCode, CODE, READONLY
    4 00000000                 ENTRY
    5 00000000                 EXPORT           __main
    6 00000000         
    7 00000000         __main
    8 00000000 F240 70DA       LDR              R0,=2010
    9 00000004 F04F 010A       MOV              R1,#10
   10 00000008 F04F 0200       MOV              R2,#0
   11 0000000C         
   12 0000000C         
   13 0000000C 4288    AGAIN   CMP              R0,R1
   14 0000000E D303            BLO              Stop
   15 00000010 1A40            SUBS             R0,R0,R1
   16 00000012 F102 0201       ADD              R2,R2,#1
   17 00000016 E7F9            B                AGAIN
   18 00000018         
   19 00000018         
   20 00000018 E7FE    Stop    B                Stop
   21 0000001A                 END
Command Line: --debug --xref --diag_suppress=9931 --cpu=Cortex-M4.fp --apcs=int
erwork --depend=.\objects\main.d -o.\objects\main.o -I.\RTE\_Cortex-M4 -IC:\Kei
l_v5\ARM\PACK\ARM\CMSIS\5.3.0\CMSIS\Include -IC:\Keil_v5\ARM\PACK\Keil\STM32F4x
x_DFP\2.13.0\Drivers\CMSIS\Device\ST\STM32F4xx\Include --predefine="__EVAL SETA
 1" --predefine="__MICROLIB SETA 1" --predefine="__UVISION_VERSION SETA 525" --
predefine="_RTE_ SETA 1" --predefine="STM32F411xE SETA 1" --list=.\listings\mai
n.lst main.s



ARM Macro Assembler    Page 1 Alphabetic symbol ordering
Relocatable symbols

AGAIN 0000000C

Symbol: AGAIN
   Definitions
      At line 13 in file main.s
   Uses
      At line 17 in file main.s
Comment: AGAIN used once
Stop 00000018

Symbol: Stop
   Definitions
      At line 20 in file main.s
   Uses
      At line 14 in file main.s
      At line 20 in file main.s

__main 00000000

Symbol: __main
   Definitions
      At line 7 in file main.s
   Uses
      At line 5 in file main.s
Comment: __main used once
myCode 00000000

Symbol: myCode
   Definitions
      At line 3 in file main.s
   Uses
      None
Comment: myCode unused
4 symbols
340 symbols in table
