Component: ARM Compiler 5.06 update 6 (build 750) Tool: armlink [4d35ed]

==============================================================================

Section Cross References

    main.o(i.main) refers to main.o(.data) for z
    startup_stm32f411xe.o(RESET) refers to startup_stm32f411xe.o(STACK) for __initial_sp
    startup_stm32f411xe.o(RESET) refers to startup_stm32f411xe.o(.text) for Reset_Handler
    startup_stm32f411xe.o(.text) refers to system_stm32f4xx.o(i.SystemInit) for SystemInit
    startup_stm32f411xe.o(.text) refers to entry.o(.ARM.Collect$$$$00000000) for __main
    system_stm32f4xx.o(i.SystemCoreClockUpdate) refers to system_stm32f4xx.o(.data) for SystemCoreClock
    system_stm32f4xx.o(i.SystemCoreClockUpdate) refers to system_stm32f4xx.o(.constdata) for AHBPrescTable
    entry.o(.ARM.Collect$$$$00000000) refers (Special) to entry10a.o(.ARM.Collect$$$$0000000D) for __rt_final_cpp
    entry.o(.ARM.Collect$$$$00000000) refers (Special) to entry11a.o(.ARM.Collect$$$$0000000F) for __rt_final_exit
    entry.o(.ARM.Collect$$$$00000000) refers (Special) to entry7b.o(.ARM.Collect$$$$00000008) for _main_clock
    entry.o(.ARM.Collect$$$$00000000) refers (Special) to entry8b.o(.ARM.Collect$$$$0000000A) for _main_cpp_init
    entry.o(.ARM.Collect$$$$00000000) refers (Special) to entry9a.o(.ARM.Collect$$$$0000000B) for _main_init
    entry.o(.ARM.Collect$$$$00000000) refers (Special) to entry5.o(.ARM.Collect$$$$00000004) for _main_scatterload
    entry.o(.ARM.Collect$$$$00000000) refers (Special) to entry2.o(.ARM.Collect$$$$00000001) for _main_stk
    entry2.o(.ARM.Collect$$$$00000001) refers to entry2.o(.ARM.Collect$$$$00002712) for __lit__00000000
    entry2.o(.ARM.Collect$$$$00002712) refers to startup_stm32f411xe.o(STACK) for __initial_sp
    entry2.o(__vectab_stack_and_reset_area) refers to startup_stm32f411xe.o(STACK) for __initial_sp
    entry2.o(__vectab_stack_and_reset_area) refers to entry.o(.ARM.Collect$$$$00000000) for __main
    entry5.o(.ARM.Collect$$$$00000004) refers to init.o(.text) for __scatterload
    entry9a.o(.ARM.Collect$$$$0000000B) refers to main.o(i.main) for main
    entry9b.o(.ARM.Collect$$$$0000000C) refers to main.o(i.main) for main
    init.o(.text) refers to entry5.o(.ARM.Collect$$$$00000004) for __main_after_scatterload


==============================================================================

Removing Unused input sections from the image.

    Removing startup_stm32f411xe.o(HEAP), (512 bytes).
    Removing system_stm32f4xx.o(.rev16_text), (4 bytes).
    Removing system_stm32f4xx.o(.revsh_text), (4 bytes).
    Removing system_stm32f4xx.o(.rrx_text), (6 bytes).
    Removing system_stm32f4xx.o(i.SystemCoreClockUpdate), (192 bytes).
    Removing system_stm32f4xx.o(.constdata), (24 bytes).
    Removing system_stm32f4xx.o(.data), (4 bytes).

7 unused section(s) (total 746 bytes) removed from the image.

==============================================================================

Image Symbol Table

    Local Symbols

    Symbol Name                              Value     Ov Type        Size  Object(Section)

    ../clib/microlib/init/entry.s            0x00000000   Number         0  entry7a.o ABSOLUTE
    ../clib/microlib/init/entry.s            0x00000000   Number         0  entry7b.o ABSOLUTE
    ../clib/microlib/init/entry.s            0x00000000   Number         0  entry11b.o ABSOLUTE
    ../clib/microlib/init/entry.s            0x00000000   Number         0  entry11a.o ABSOLUTE
    ../clib/microlib/init/entry.s            0x00000000   Number         0  entry10b.o ABSOLUTE
    ../clib/microlib/init/entry.s            0x00000000   Number         0  entry10a.o ABSOLUTE
    ../clib/microlib/init/entry.s            0x00000000   Number         0  entry.o ABSOLUTE
    ../clib/microlib/init/entry.s            0x00000000   Number         0  entry9b.o ABSOLUTE
    ../clib/microlib/init/entry.s            0x00000000   Number         0  entry2.o ABSOLUTE
    ../clib/microlib/init/entry.s            0x00000000   Number         0  entry9a.o ABSOLUTE
    ../clib/microlib/init/entry.s            0x00000000   Number         0  entry8b.o ABSOLUTE
    ../clib/microlib/init/entry.s            0x00000000   Number         0  entry8a.o ABSOLUTE
    ../clib/microlib/init/entry.s            0x00000000   Number         0  entry5.o ABSOLUTE
    RTE\Device\STM32F411VETx\startup_stm32f411xe.s 0x00000000   Number         0  startup_stm32f411xe.o ABSOLUTE
    RTE\Device\STM32F411VETx\system_stm32f4xx.c 0x00000000   Number         0  system_stm32f4xx.o ABSOLUTE
    RTE\\Device\\STM32F411VETx\\system_stm32f4xx.c 0x00000000   Number         0  system_stm32f4xx.o ABSOLUTE
    dc.s                                     0x00000000   Number         0  dc.o ABSOLUTE
    handlers.s                               0x00000000   Number         0  handlers.o ABSOLUTE
    init.s                                   0x00000000   Number         0  init.o ABSOLUTE
    main.c                                   0x00000000   Number         0  main.o ABSOLUTE
    RESET                                    0x08000000   Section      408  startup_stm32f411xe.o(RESET)
    .ARM.Collect$$$$00000000                 0x08000198   Section        0  entry.o(.ARM.Collect$$$$00000000)
    .ARM.Collect$$$$00000001                 0x08000198   Section        4  entry2.o(.ARM.Collect$$$$00000001)
    .ARM.Collect$$$$00000004                 0x0800019c   Section        4  entry5.o(.ARM.Collect$$$$00000004)
    .ARM.Collect$$$$00000008                 0x080001a0   Section        0  entry7b.o(.ARM.Collect$$$$00000008)
    .ARM.Collect$$$$0000000A                 0x080001a0   Section        0  entry8b.o(.ARM.Collect$$$$0000000A)
    .ARM.Collect$$$$0000000B                 0x080001a0   Section        8  entry9a.o(.ARM.Collect$$$$0000000B)
    .ARM.Collect$$$$0000000D                 0x080001a8   Section        0  entry10a.o(.ARM.Collect$$$$0000000D)
    .ARM.Collect$$$$0000000F                 0x080001a8   Section        0  entry11a.o(.ARM.Collect$$$$0000000F)
    .ARM.Collect$$$$00002712                 0x080001a8   Section        4  entry2.o(.ARM.Collect$$$$00002712)
    __lit__00000000                          0x080001a8   Data           4  entry2.o(.ARM.Collect$$$$00002712)
    .text                                    0x080001ac   Section       36  startup_stm32f411xe.o(.text)
    $v0                                      0x080001ac   Number         0  startup_stm32f411xe.o(.text)
    .text                                    0x080001d0   Section       36  init.o(.text)
    i.SystemInit                             0x080001f4   Section        0  system_stm32f4xx.o(i.SystemInit)
    i.__scatterload_copy                     0x08000258   Section       14  handlers.o(i.__scatterload_copy)
    i.__scatterload_null                     0x08000266   Section        2  handlers.o(i.__scatterload_null)
    i.__scatterload_zeroinit                 0x08000268   Section       14  handlers.o(i.__scatterload_zeroinit)
    i.main                                   0x08000278   Section        0  main.o(i.main)
    .data                                    0x20000000   Section        4  main.o(.data)
    STACK                                    0x20000008   Section     1024  startup_stm32f411xe.o(STACK)

    Global Symbols

    Symbol Name                              Value     Ov Type        Size  Object(Section)

    BuildAttributes$$THM_ISAv4$E$P$D$K$B$S$7EM$VFPi3$EXTD16$VFPS$VFMA$PE$A:L22UL41UL21$X:L11$S22US41US21$IEEE1$IW$USESV6$~STKCKD$USESV7$~SHL$OSPACE$EBA8$MICROLIB$REQ8$PRES8$EABIv2 0x00000000   Number         0  anon$$obj.o ABSOLUTE
    __ARM_use_no_argv                        0x00000000   Number         0  main.o ABSOLUTE
    __cpp_initialize__aeabi_                  - Undefined Weak Reference
    __cxa_finalize                            - Undefined Weak Reference
    __decompress                              - Undefined Weak Reference
    _clock_init                               - Undefined Weak Reference
    _microlib_exit                            - Undefined Weak Reference
    __Vectors_Size                           0x00000198   Number         0  startup_stm32f411xe.o ABSOLUTE
    __Vectors                                0x08000000   Data           4  startup_stm32f411xe.o(RESET)
    __Vectors_End                            0x08000198   Data           0  startup_stm32f411xe.o(RESET)
    __main                                   0x08000199   Thumb Code     0  entry.o(.ARM.Collect$$$$00000000)
    _main_stk                                0x08000199   Thumb Code     0  entry2.o(.ARM.Collect$$$$00000001)
    _main_scatterload                        0x0800019d   Thumb Code     0  entry5.o(.ARM.Collect$$$$00000004)
    __main_after_scatterload                 0x080001a1   Thumb Code     0  entry5.o(.ARM.Collect$$$$00000004)
    _main_clock                              0x080001a1   Thumb Code     0  entry7b.o(.ARM.Collect$$$$00000008)
    _main_cpp_init                           0x080001a1   Thumb Code     0  entry8b.o(.ARM.Collect$$$$0000000A)
    _main_init                               0x080001a1   Thumb Code     0  entry9a.o(.ARM.Collect$$$$0000000B)
    __rt_final_cpp                           0x080001a9   Thumb Code     0  entry10a.o(.ARM.Collect$$$$0000000D)
    __rt_final_exit                          0x080001a9   Thumb Code     0  entry11a.o(.ARM.Collect$$$$0000000F)
    Reset_Handler                            0x080001ad   Thumb Code     8  startup_stm32f411xe.o(.text)
    NMI_Handler                              0x080001b5   Thumb Code     2  startup_stm32f411xe.o(.text)
    HardFault_Handler                        0x080001b7   Thumb Code     2  startup_stm32f411xe.o(.text)
    MemManage_Handler                        0x080001b9   Thumb Code     2  startup_stm32f411xe.o(.text)
    BusFault_Handler                         0x080001bb   Thumb Code     2  startup_stm32f411xe.o(.text)
    UsageFault_Handler                       0x080001bd   Thumb Code     2  startup_stm32f411xe.o(.text)
    SVC_Handler                              0x080001bf   Thumb Code     2  startup_stm32f411xe.o(.text)
    DebugMon_Handler                         0x080001c1   Thumb Code     2  startup_stm32f411xe.o(.text)
    PendSV_Handler                           0x080001c3   Thumb Code     2  startup_stm32f411xe.o(.text)
    SysTick_Handler                          0x080001c5   Thumb Code     2  startup_stm32f411xe.o(.text)
    ADC_IRQHandler                           0x080001c7   Thumb Code     0  startup_stm32f411xe.o(.text)
    DMA1_Stream0_IRQHandler                  0x080001c7   Thumb Code     0  startup_stm32f411xe.o(.text)
    DMA1_Stream1_IRQHandler                  0x080001c7   Thumb Code     0  startup_stm32f411xe.o(.text)
    DMA1_Stream2_IRQHandler                  0x080001c7   Thumb Code     0  startup_stm32f411xe.o(.text)
    DMA1_Stream3_IRQHandler                  0x080001c7   Thumb Code     0  startup_stm32f411xe.o(.text)
    DMA1_Stream4_IRQHandler                  0x080001c7   Thumb Code     0  startup_stm32f411xe.o(.text)
    DMA1_Stream5_IRQHandler                  0x080001c7   Thumb Code     0  startup_stm32f411xe.o(.text)
    DMA1_Stream6_IRQHandler                  0x080001c7   Thumb Code     0  startup_stm32f411xe.o(.text)
    DMA1_Stream7_IRQHandler                  0x080001c7   Thumb Code     0  startup_stm32f411xe.o(.text)
    DMA2_Stream0_IRQHandler                  0x080001c7   Thumb Code     0  startup_stm32f411xe.o(.text)
    DMA2_Stream1_IRQHandler                  0x080001c7   Thumb Code     0  startup_stm32f411xe.o(.text)
    DMA2_Stream2_IRQHandler                  0x080001c7   Thumb Code     0  startup_stm32f411xe.o(.text)
    DMA2_Stream3_IRQHandler                  0x080001c7   Thumb Code     0  startup_stm32f411xe.o(.text)
    DMA2_Stream4_IRQHandler                  0x080001c7   Thumb Code     0  startup_stm32f411xe.o(.text)
    DMA2_Stream5_IRQHandler                  0x080001c7   Thumb Code     0  startup_stm32f411xe.o(.text)
    DMA2_Stream6_IRQHandler                  0x080001c7   Thumb Code     0  startup_stm32f411xe.o(.text)
    DMA2_Stream7_IRQHandler                  0x080001c7   Thumb Code     0  startup_stm32f411xe.o(.text)
    EXTI0_IRQHandler                         0x080001c7   Thumb Code     0  startup_stm32f411xe.o(.text)
    EXTI15_10_IRQHandler                     0x080001c7   Thumb Code     0  startup_stm32f411xe.o(.text)
    EXTI1_IRQHandler                         0x080001c7   Thumb Code     0  startup_stm32f411xe.o(.text)
    EXTI2_IRQHandler                         0x080001c7   Thumb Code     0  startup_stm32f411xe.o(.text)
    EXTI3_IRQHandler                         0x080001c7   Thumb Code     0  startup_stm32f411xe.o(.text)
    EXTI4_IRQHandler                         0x080001c7   Thumb Code     0  startup_stm32f411xe.o(.text)
    EXTI9_5_IRQHandler                       0x080001c7   Thumb Code     0  startup_stm32f411xe.o(.text)
    FLASH_IRQHandler                         0x080001c7   Thumb Code     0  startup_stm32f411xe.o(.text)
    FPU_IRQHandler                           0x080001c7   Thumb Code     0  startup_stm32f411xe.o(.text)
    I2C1_ER_IRQHandler                       0x080001c7   Thumb Code     0  startup_stm32f411xe.o(.text)
    I2C1_EV_IRQHandler                       0x080001c7   Thumb Code     0  startup_stm32f411xe.o(.text)
    I2C2_ER_IRQHandler                       0x080001c7   Thumb Code     0  startup_stm32f411xe.o(.text)
    I2C2_EV_IRQHandler                       0x080001c7   Thumb Code     0  startup_stm32f411xe.o(.text)
    I2C3_ER_IRQHandler                       0x080001c7   Thumb Code     0  startup_stm32f411xe.o(.text)
    I2C3_EV_IRQHandler                       0x080001c7   Thumb Code     0  startup_stm32f411xe.o(.text)
    OTG_FS_IRQHandler                        0x080001c7   Thumb Code     0  startup_stm32f411xe.o(.text)
    OTG_FS_WKUP_IRQHandler                   0x080001c7   Thumb Code     0  startup_stm32f411xe.o(.text)
    PVD_IRQHandler                           0x080001c7   Thumb Code     0  startup_stm32f411xe.o(.text)
    RCC_IRQHandler                           0x080001c7   Thumb Code     0  startup_stm32f411xe.o(.text)
    RTC_Alarm_IRQHandler                     0x080001c7   Thumb Code     0  startup_stm32f411xe.o(.text)
    RTC_WKUP_IRQHandler                      0x080001c7   Thumb Code     0  startup_stm32f411xe.o(.text)
    SDIO_IRQHandler                          0x080001c7   Thumb Code     0  startup_stm32f411xe.o(.text)
    SPI1_IRQHandler                          0x080001c7   Thumb Code     0  startup_stm32f411xe.o(.text)
    SPI2_IRQHandler                          0x080001c7   Thumb Code     0  startup_stm32f411xe.o(.text)
    SPI3_IRQHandler                          0x080001c7   Thumb Code     0  startup_stm32f411xe.o(.text)
    SPI4_IRQHandler                          0x080001c7   Thumb Code     0  startup_stm32f411xe.o(.text)
    SPI5_IRQHandler                          0x080001c7   Thumb Code     0  startup_stm32f411xe.o(.text)
    TAMP_STAMP_IRQHandler                    0x080001c7   Thumb Code     0  startup_stm32f411xe.o(.text)
    TIM1_BRK_TIM9_IRQHandler                 0x080001c7   Thumb Code     0  startup_stm32f411xe.o(.text)
    TIM1_CC_IRQHandler                       0x080001c7   Thumb Code     0  startup_stm32f411xe.o(.text)
    TIM1_TRG_COM_TIM11_IRQHandler            0x080001c7   Thumb Code     0  startup_stm32f411xe.o(.text)
    TIM1_UP_TIM10_IRQHandler                 0x080001c7   Thumb Code     0  startup_stm32f411xe.o(.text)
    TIM2_IRQHandler                          0x080001c7   Thumb Code     0  startup_stm32f411xe.o(.text)
    TIM3_IRQHandler                          0x080001c7   Thumb Code     0  startup_stm32f411xe.o(.text)
    TIM4_IRQHandler                          0x080001c7   Thumb Code     0  startup_stm32f411xe.o(.text)
    TIM5_IRQHandler                          0x080001c7   Thumb Code     0  startup_stm32f411xe.o(.text)
    USART1_IRQHandler                        0x080001c7   Thumb Code     0  startup_stm32f411xe.o(.text)
    USART2_IRQHandler                        0x080001c7   Thumb Code     0  startup_stm32f411xe.o(.text)
    USART6_IRQHandler                        0x080001c7   Thumb Code     0  startup_stm32f411xe.o(.text)
    WWDG_IRQHandler                          0x080001c7   Thumb Code     0  startup_stm32f411xe.o(.text)
    __scatterload                            0x080001d1   Thumb Code    28  init.o(.text)
    __scatterload_rt2                        0x080001d1   Thumb Code     0  init.o(.text)
    SystemInit                               0x080001f5   Thumb Code    82  system_stm32f4xx.o(i.SystemInit)
    __scatterload_copy                       0x08000259   Thumb Code    14  handlers.o(i.__scatterload_copy)
    __scatterload_null                       0x08000267   Thumb Code     2  handlers.o(i.__scatterload_null)
    __scatterload_zeroinit                   0x08000269   Thumb Code    14  handlers.o(i.__scatterload_zeroinit)
    main                                     0x08000279   Thumb Code    20  main.o(i.main)
    Region$$Table$$Base                      0x08000290   Number         0  anon$$obj.o(Region$$Table)
    Region$$Table$$Limit                     0x080002b0   Number         0  anon$$obj.o(Region$$Table)
    z                                        0x20000000   Data           4  main.o(.data)
    __initial_sp                             0x20000408   Data           0  startup_stm32f411xe.o(STACK)



==============================================================================

Memory Map of the image

  Image Entry point : 0x080001ad

  Load Region LR_1 (Base: 0x08000000, Size: 0x000002b4, Max: 0xffffffff, ABSOLUTE)

    Execution Region ER_RO (Exec base: 0x08000000, Load base: 0x08000000, Size: 0x000002b0, Max: 0xffffffff, ABSOLUTE)

    Exec Addr    Load Addr    Size         Type   Attr      Idx    E Section Name        Object

    0x08000000   0x08000000   0x00000198   Data   RO           22    RESET               startup_stm32f411xe.o
    0x08000198   0x08000198   0x00000000   Code   RO           90  * .ARM.Collect$$$$00000000  mc_w.l(entry.o)
    0x08000198   0x08000198   0x00000004   Code   RO           93    .ARM.Collect$$$$00000001  mc_w.l(entry2.o)
    0x0800019c   0x0800019c   0x00000004   Code   RO           96    .ARM.Collect$$$$00000004  mc_w.l(entry5.o)
    0x080001a0   0x080001a0   0x00000000   Code   RO           98    .ARM.Collect$$$$00000008  mc_w.l(entry7b.o)
    0x080001a0   0x080001a0   0x00000000   Code   RO          100    .ARM.Collect$$$$0000000A  mc_w.l(entry8b.o)
    0x080001a0   0x080001a0   0x00000008   Code   RO          101    .ARM.Collect$$$$0000000B  mc_w.l(entry9a.o)
    0x080001a8   0x080001a8   0x00000000   Code   RO          103    .ARM.Collect$$$$0000000D  mc_w.l(entry10a.o)
    0x080001a8   0x080001a8   0x00000000   Code   RO          105    .ARM.Collect$$$$0000000F  mc_w.l(entry11a.o)
    0x080001a8   0x080001a8   0x00000004   Code   RO           94    .ARM.Collect$$$$00002712  mc_w.l(entry2.o)
    0x080001ac   0x080001ac   0x00000024   Code   RO           23  * .text               startup_stm32f411xe.o
    0x080001d0   0x080001d0   0x00000024   Code   RO          107    .text               mc_w.l(init.o)
    0x080001f4   0x080001f4   0x00000064   Code   RO           32    i.SystemInit        system_stm32f4xx.o
    0x08000258   0x08000258   0x0000000e   Code   RO          111    i.__scatterload_copy  mc_w.l(handlers.o)
    0x08000266   0x08000266   0x00000002   Code   RO          112    i.__scatterload_null  mc_w.l(handlers.o)
    0x08000268   0x08000268   0x0000000e   Code   RO          113    i.__scatterload_zeroinit  mc_w.l(handlers.o)
    0x08000276   0x08000276   0x00000002   PAD
    0x08000278   0x08000278   0x00000018   Code   RO            1    i.main              main.o
    0x08000290   0x08000290   0x00000020   Data   RO          109    Region$$Table       anon$$obj.o


    Execution Region ER_RW (Exec base: 0x20000000, Load base: 0x080002b0, Size: 0x00000004, Max: 0xffffffff, ABSOLUTE)

    Exec Addr    Load Addr    Size         Type   Attr      Idx    E Section Name        Object

    0x20000000   0x080002b0   0x00000004   Data   RW            2    .data               main.o


    Execution Region ER_ZI (Exec base: 0x20000004, Load base: 0x080002b4, Size: 0x00000404, Max: 0xffffffff, ABSOLUTE)

    Exec Addr    Load Addr    Size         Type   Attr      Idx    E Section Name        Object

    0x20000004   0x080002b4   0x00000004   PAD
    0x20000008        -       0x00000400   Zero   RW           20    STACK               startup_stm32f411xe.o


==============================================================================

Image component sizes


      Code (inc. data)   RO Data    RW Data    ZI Data      Debug   Object Name

        24          4          0          4          0       2476   main.o
        36          8        408          0       1024        884   startup_stm32f411xe.o
       100         18          0          0          0        521   system_stm32f4xx.o

    ----------------------------------------------------------------------
       160         30        440          4       1028       3881   Object Totals
         0          0         32          0          0          0   (incl. Generated)
         0          0          0          0          4          0   (incl. Padding)

    ----------------------------------------------------------------------

      Code (inc. data)   RO Data    RW Data    ZI Data      Debug   Library Member Name

         0          0          0          0          0          0   entry.o
         0          0          0          0          0          0   entry10a.o
         0          0          0          0          0          0   entry11a.o
         8          4          0          0          0          0   entry2.o
         4          0          0          0          0          0   entry5.o
         0          0          0          0          0          0   entry7b.o
         0          0          0          0          0          0   entry8b.o
         8          4          0          0          0          0   entry9a.o
        30          0          0          0          0          0   handlers.o
        36          8          0          0          0         68   init.o

    ----------------------------------------------------------------------
        88         16          0          0          0         68   Library Totals
         2          0          0          0          0          0   (incl. Padding)

    ----------------------------------------------------------------------

      Code (inc. data)   RO Data    RW Data    ZI Data      Debug   Library Name

        86         16          0          0          0         68   mc_w.l

    ----------------------------------------------------------------------
        88         16          0          0          0         68   Library Totals

    ----------------------------------------------------------------------

==============================================================================


      Code (inc. data)   RO Data    RW Data    ZI Data      Debug   

       248         46        440          4       1028       4153   Grand Totals
       248         46        440          4       1028       4153   ELF Image Totals
       248         46        440          4          0          0   ROM Totals

==============================================================================

    Total RO  Size (Code + RO Data)                  688 (   0.67kB)
    Total RW  Size (RW Data + ZI Data)              1032 (   1.01kB)
    Total ROM Size (Code + RO Data + RW Data)        692 (   0.68kB)

==============================================================================

