


ARM Macro Assembler    Page 1 


    1 00000000                 AREA             myCode, CODE, READONLY
    2 00000000                 EXPORT           __main
    3 00000000                 ENTRY
    4 00000000         
    5 00000000         
    6 00000000         __main
    7 00000000 480C            LDR              R0,=0xE000ED88
    8 00000002 6801            LDR              R1,[R0]
    9 00000004 F441 0170       ORR              R1,R1,#(0xF<<20)
   10 00000008 6001            STR              R1,[R0]
   11 0000000A         
   12 0000000A ED9F 1A06       VLDR.F           S2,C_Ten
   13 0000000E EDDF 1A07       VLDR.F           S3,C_Pi
   14 00000012 EE21 2A21       VMUL.F           S4,S2,S3
   15 00000016         
   16 00000016 E7FE    Stop    B                Stop
   17 00000018         
   18 00000018         
   19 00000018 3F800000 
                       C_One   DCD              0x3F800000  ;1.0
   20 0000001C 40000000 
                       C_Two   DCD              0x40000000  ;2.0
   21 00000020 80000000 
                       C_NZero DCD              0x80000000  ;-0.0
   22 00000024 41200000 
                       C_Ten   DCD              0x41200000  ;10.0
   23 00000028 42C80000 
                       C_Hun   DCD              0X42C80000  ;100.0
   24 0000002C 40490FDA 
                       C_Pi    DCD              0x40490FDA  ;pi
   25 00000030 402DF854 
                       C_e     DCD              0x402DF854  ;e
   26 00000034         
   27 00000034                 END
              E000ED88 
Command Line: --debug --xref --diag_suppress=9931 --cpu=Cortex-M4.fp --apcs=int
erwork --depend=.\objects\main.d -o.\objects\main.o -I.\RTE\_Cortex-M4 -IC:\Kei
l_v5\ARM\PACK\ARM\CMSIS\5.3.0\CMSIS\Include -IC:\Keil_v5\ARM\PACK\Keil\STM32F4x
x_DFP\2.13.0\Drivers\CMSIS\Device\ST\STM32F4xx\Include --predefine="__EVAL SETA
 1" --predefine="__MICROLIB SETA 1" --predefine="__UVISION_VERSION SETA 525" --
predefine="_RTE_ SETA 1" --predefine="STM32F411xE SETA 1" --list=.\listings\mai
n.lst main.s



ARM Macro Assembler    Page 1 Alphabetic symbol ordering
Relocatable symbols

C_Hun 00000028

Symbol: C_Hun
   Definitions
      At line 23 in file main.s
   Uses
      None
Comment: C_Hun unused
C_NZero 00000020

Symbol: C_NZero
   Definitions
      At line 21 in file main.s
   Uses
      None
Comment: C_NZero unused
C_One 00000018

Symbol: C_One
   Definitions
      At line 19 in file main.s
   Uses
      None
Comment: C_One unused
C_Pi 0000002C

Symbol: C_Pi
   Definitions
      At line 24 in file main.s
   Uses
      At line 13 in file main.s
Comment: C_Pi used once
C_Ten 00000024

Symbol: C_Ten
   Definitions
      At line 22 in file main.s
   Uses
      At line 12 in file main.s
Comment: C_Ten used once
C_Two 0000001C

Symbol: C_Two
   Definitions
      At line 20 in file main.s
   Uses
      None
Comment: C_Two unused
C_e 00000030

Symbol: C_e
   Definitions
      At line 25 in file main.s
   Uses
      None
Comment: C_e unused
Stop 00000016

Symbol: Stop



ARM Macro Assembler    Page 2 Alphabetic symbol ordering
Relocatable symbols

   Definitions
      At line 16 in file main.s
   Uses
      At line 16 in file main.s
Comment: Stop used once
__main 00000000

Symbol: __main
   Definitions
      At line 6 in file main.s
   Uses
      At line 2 in file main.s
Comment: __main used once
myCode 00000000

Symbol: myCode
   Definitions
      At line 1 in file main.s
   Uses
      None
Comment: myCode unused
10 symbols
348 symbols in table
