


ARM Macro Assembler    Page 1 


    1 00000000         ;SW_2 :PF0
    2 00000000         ;LED_R : PF1
    3 00000000         ;LED_B : PF2
    4 00000000         ;LED_G : PF3
    5 00000000         ;SW_1   :PF4
    6 00000000         
    7 00000000         
    8 00000000 400FE000 
                       SYSCTL_BASE
                               EQU              0x400FE000
    9 00000000 00000608 
                       RCGCGPIO_OFFSET
                               EQU              0x608
   10 00000000 400FE608 
                       SYSCTL_RCGCGPIO_R
                               EQU              SYSCTL_BASE + RCGCGPIO_OFFSET
   11 00000000         
   12 00000000 40025000 
                       GPIOF_BASE
                               EQU              0x40025000
   13 00000000         
   14 00000000 00000400 
                       GPIOF_DIR_OFFSET
                               EQU              0x400
   15 00000000 40025400 
                       GPIOF_DIR_R
                               EQU              GPIOF_BASE + GPIOF_DIR_OFFSET
   16 00000000         
   17 00000000 000003FC 
                       GPIOF_DATA_OFFSET
                               EQU              0x3FC
   18 00000000 400253FC 
                       GPIOF_DATA_R
                               EQU              GPIOF_BASE + GPIOF_DATA_OFFSET
   19 00000000         
   20 00000000 0000051C 
                       GPIOF_DEN_OFFSET
                               EQU              0x51C
   21 00000000 4002551C 
                       GPIOF_DEN_R
                               EQU              GPIOF_BASE + GPIOF_DEN_OFFSET
   22 00000000         
   23 00000000 00000020 
                       GPIOF_EN
                               EQU              1<<5
   24 00000000 00000002 
                       LED_RED EQU              1<<1
   25 00000000 00000004 
                       LED_BLUE
                               EQU              1<<2
   26 00000000 00000008 
                       LED_GREEN
                               EQU              1<<3
   27 00000000         
   28 00000000 00000000 
                       RED_OFF EQU              0<<1
   29 00000000         
   30 00000000 00516155 
                       ONESEC  EQU              5333333



ARM Macro Assembler    Page 2 


   31 00000000 000411AB 
                       HSEC    EQU              266667
   32 00000000         
   33 00000000         
   34 00000000                 AREA             |.text|,CODE,READONLY,ALIGN=2
   35 00000000                 THUMB
   36 00000000                 ENTRY
   37 00000000                 EXPORT           __main
   38 00000000         
   39 00000000         
   40 00000000         
   41 00000000         __main
   42 00000000         
   43 00000000 F000 F802       BL               GPIO_Init
   44 00000004 F000 F81A       BL               LED_Blink
   45 00000008         
   46 00000008         
   47 00000008         
   48 00000008         GPIO_Init
   49 00000008         ;Enable clock access to PORTF
   50 00000008         ;SYSCTL->RCGCGPIO |= GPIOF_EN
   51 00000008 4914            LDR              R1,=SYSCTL_RCGCGPIO_R
   52 0000000A 6808            LDR              R0,[R1]
   53 0000000C F040 0020       ORR              R0,#GPIOF_EN
   54 00000010 6008            STR              R0,[R1]
   55 00000012 BF00            NOP
   56 00000014 BF00            NOP
   57 00000016         
   58 00000016         ;Set PF1 as output
   59 00000016         ;GPIOF->DIR |=  LED_RED  = 0x02 =  1 << 1 =  0B 0000 001
                       0
   60 00000016 4912            LDR              R1,=GPIOF_DIR_R
   61 00000018 6808            LDR              R0,[R1]
   62 0000001A F040 0002       ORR              R0,#LED_RED
   63 0000001E 6008            STR              R0,[R1]
   64 00000020         
   65 00000020         ;Digitally enable PF1
   66 00000020         ;GPIOF->DEN |=LED_RED
   67 00000020 4910            LDR              R1,=GPIOF_DEN_R
   68 00000022 6808            LDR              R0,[R1]
   69 00000024 F040 0002       ORR              R0,#LED_RED
   70 00000028 6008            STR              R0,[R1]
   71 0000002A         
   72 0000002A 4770            BX               LR
   73 0000002C         
   74 0000002C         LED_On
   75 0000002C         ;GPIOF->DATA =LED_RED
   76 0000002C         
   77 0000002C 490E            LDR              R1,=GPIOF_DATA_R
   78 0000002E F04F 0002       MOV              R0,#LED_RED
   79 00000032 6008            STR              R0,[R1]
   80 00000034 4770            BX               LR
   81 00000036         
   82 00000036         
   83 00000036         Delay
   84 00000036 1E5B            SUBS             R3,R3,#1
   85 00000038         ;Branch if the Z flag is not set
   86 00000038 D1FD            BNE              Delay
   87 0000003A 4770            BX               LR



ARM Macro Assembler    Page 3 


   88 0000003C         
   89 0000003C         
   90 0000003C         LED_Blink
   91 0000003C 490A            LDR              R1,=GPIOF_DATA_R
   92 0000003E F04F 0002       MOV              R0,#LED_RED
   93 00000042 6008            STR              R0,[R1]
   94 00000044 4B09            LDR              R3,=ONESEC
   95 00000046 F7FF FFF6       BL               Delay
   96 0000004A         
   97 0000004A 4907            LDR              R1,=GPIOF_DATA_R
   98 0000004C F04F 0000       MOV              R0,#RED_OFF
   99 00000050 6008            STR              R0,[R1]
  100 00000052 4B06            LDR              R3,=ONESEC
  101 00000054 F7FF FFEF       BL               Delay
  102 00000058         
  103 00000058 E7F0            B                LED_Blink
  104 0000005A         
  105 0000005A         
  106 0000005A         
  107 0000005A         
  108 0000005A         
  109 0000005A         
  110 0000005A         
  111 0000005A 00 00           ALIGN
  112 0000005C                 END
              400FE608 
              40025400 
              4002551C 
              400253FC 
              00516155 
Command Line: --debug --xref --diag_suppress=9931 --cpu=Cortex-M4.fp --apcs=int
erwork --depend=.\objects\main.d -o.\objects\main.o -I.\RTE\_tm4c -IC:\Users\Is
rael\AppData\Local\Arm\Packs\ARM\CMSIS\5.5.1\CMSIS\Core\Include -IC:\Users\Isra
el\AppData\Local\Arm\Packs\Keil\TM4C_DFP\1.1.0\Device\Include\TM4C123 --predefi
ne="__EVAL SETA 1" --predefine="__UVISION_VERSION SETA 528" --predefine="_RTE_ 
SETA 1" --predefine="TM4C1230H6PM SETA 1" --list=.\listings\main.lst main.s



ARM Macro Assembler    Page 1 Alphabetic symbol ordering
Relocatable symbols

.text 00000000

Symbol: .text
   Definitions
      At line 34 in file main.s
   Uses
      None
Comment: .text unused
Delay 00000036

Symbol: Delay
   Definitions
      At line 83 in file main.s
   Uses
      At line 86 in file main.s
      At line 95 in file main.s
      At line 101 in file main.s

GPIO_Init 00000008

Symbol: GPIO_Init
   Definitions
      At line 48 in file main.s
   Uses
      At line 43 in file main.s
Comment: GPIO_Init used once
LED_Blink 0000003C

Symbol: LED_Blink
   Definitions
      At line 90 in file main.s
   Uses
      At line 44 in file main.s
      At line 103 in file main.s

LED_On 0000002C

Symbol: LED_On
   Definitions
      At line 74 in file main.s
   Uses
      None
Comment: LED_On unused
__main 00000000

Symbol: __main
   Definitions
      At line 41 in file main.s
   Uses
      At line 37 in file main.s
Comment: __main used once
6 symbols



ARM Macro Assembler    Page 1 Alphabetic symbol ordering
Absolute symbols

GPIOF_BASE 40025000

Symbol: GPIOF_BASE
   Definitions
      At line 12 in file main.s
   Uses
      At line 15 in file main.s
      At line 18 in file main.s
      At line 21 in file main.s

GPIOF_DATA_OFFSET 000003FC

Symbol: GPIOF_DATA_OFFSET
   Definitions
      At line 17 in file main.s
   Uses
      At line 18 in file main.s
Comment: GPIOF_DATA_OFFSET used once
GPIOF_DATA_R 400253FC

Symbol: GPIOF_DATA_R
   Definitions
      At line 18 in file main.s
   Uses
      At line 77 in file main.s
      At line 91 in file main.s
      At line 97 in file main.s

GPIOF_DEN_OFFSET 0000051C

Symbol: GPIOF_DEN_OFFSET
   Definitions
      At line 20 in file main.s
   Uses
      At line 21 in file main.s
Comment: GPIOF_DEN_OFFSET used once
GPIOF_DEN_R 4002551C

Symbol: GPIOF_DEN_R
   Definitions
      At line 21 in file main.s
   Uses
      At line 67 in file main.s
Comment: GPIOF_DEN_R used once
GPIOF_DIR_OFFSET 00000400

Symbol: GPIOF_DIR_OFFSET
   Definitions
      At line 14 in file main.s
   Uses
      At line 15 in file main.s
Comment: GPIOF_DIR_OFFSET used once
GPIOF_DIR_R 40025400

Symbol: GPIOF_DIR_R
   Definitions
      At line 15 in file main.s
   Uses
      At line 60 in file main.s



ARM Macro Assembler    Page 2 Alphabetic symbol ordering
Absolute symbols

Comment: GPIOF_DIR_R used once
GPIOF_EN 00000020

Symbol: GPIOF_EN
   Definitions
      At line 23 in file main.s
   Uses
      At line 53 in file main.s
Comment: GPIOF_EN used once
HSEC 000411AB

Symbol: HSEC
   Definitions
      At line 31 in file main.s
   Uses
      None
Comment: HSEC unused
LED_BLUE 00000004

Symbol: LED_BLUE
   Definitions
      At line 25 in file main.s
   Uses
      None
Comment: LED_BLUE unused
LED_GREEN 00000008

Symbol: LED_GREEN
   Definitions
      At line 26 in file main.s
   Uses
      None
Comment: LED_GREEN unused
LED_RED 00000002

Symbol: LED_RED
   Definitions
      At line 24 in file main.s
   Uses
      At line 62 in file main.s
      At line 69 in file main.s
      At line 78 in file main.s
      At line 92 in file main.s

ONESEC 00516155

Symbol: ONESEC
   Definitions
      At line 30 in file main.s
   Uses
      At line 94 in file main.s
      At line 100 in file main.s

RCGCGPIO_OFFSET 00000608

Symbol: RCGCGPIO_OFFSET
   Definitions
      At line 9 in file main.s
   Uses



ARM Macro Assembler    Page 3 Alphabetic symbol ordering
Absolute symbols

      At line 10 in file main.s
Comment: RCGCGPIO_OFFSET used once
RED_OFF 00000000

Symbol: RED_OFF
   Definitions
      At line 28 in file main.s
   Uses
      At line 98 in file main.s
Comment: RED_OFF used once
SYSCTL_BASE 400FE000

Symbol: SYSCTL_BASE
   Definitions
      At line 8 in file main.s
   Uses
      At line 10 in file main.s
Comment: SYSCTL_BASE used once
SYSCTL_RCGCGPIO_R 400FE608

Symbol: SYSCTL_RCGCGPIO_R
   Definitions
      At line 10 in file main.s
   Uses
      At line 51 in file main.s
Comment: SYSCTL_RCGCGPIO_R used once
17 symbols
360 symbols in table
