


ARM Macro Assembler    Page 1 


    1 00000000         
    2 00000000        0 
                       COUNT   RN               R0
    3 00000000        1 
                       MAX     RN               R1
    4 00000000        2 
                       POINTER RN               R2
    5 00000000        3 
                       NEXT    RN               R3
    6 00000000         
    7 00000000         
    8 00000000                 AREA             myData,DATA,READONLY
    9 00000000 00000045 
              00000057 
              00000056 
              0000002D 
              0000004B MYDATA  DCD              69,87,86,45,75
   10 00000014         
   11 00000014                 AREA             myCode,CODE,READONLY
   12 00000000                 ENTRY
   13 00000000                 EXPORT           __main
   14 00000000         
   15 00000000         
   16 00000000         __main
   17 00000000 F04F 0005       MOV              COUNT,#5
   18 00000004 F04F 0100       MOV              MAX,#0
   19 00000008 4A04            LDR              POINTER,=MYDATA
   20 0000000A         
   21 0000000A 6813    AGAIN   LDR              NEXT,[POINTER]
   22 0000000C 4299            CMP              MAX,NEXT
   23 0000000E D200            BHS              CTNU
   24 00000010 4619            MOV              MAX,NEXT
   25 00000012         
   26 00000012 F102 0204 
                       CTNU    ADD              POINTER,POINTER,#4
   27 00000016 1E40            SUBS             COUNT,COUNT,#1
   28 00000018 D1F7            BNE              AGAIN
   29 0000001A         
   30 0000001A E7FE    Stop    B                Stop
   31 0000001C                 END
              00000000 
Command Line: --debug --xref --diag_suppress=9931 --cpu=Cortex-M4.fp --apcs=int
erwork --depend=.\objects\main.d -o.\objects\main.o -I.\RTE\_CortexM4 -IC:\Keil
_v5\ARM\PACK\ARM\CMSIS\5.3.0\CMSIS\Include -IC:\Keil_v5\ARM\PACK\Keil\STM32F4xx
_DFP\2.13.0\Drivers\CMSIS\Device\ST\STM32F4xx\Include --predefine="__EVAL SETA 
1" --predefine="__MICROLIB SETA 1" --predefine="__UVISION_VERSION SETA 525" --p
redefine="_RTE_ SETA 1" --predefine="STM32F411xE SETA 1" --list=.\listings\main
.lst main.s



ARM Macro Assembler    Page 1 Alphabetic symbol ordering
Relocatable symbols

MYDATA 00000000

Symbol: MYDATA
   Definitions
      At line 9 in file main.s
   Uses
      At line 19 in file main.s
Comment: MYDATA used once
myData 00000000

Symbol: myData
   Definitions
      At line 8 in file main.s
   Uses
      None
Comment: myData unused
2 symbols



ARM Macro Assembler    Page 1 Alphabetic symbol ordering
Relocatable symbols

AGAIN 0000000A

Symbol: AGAIN
   Definitions
      At line 21 in file main.s
   Uses
      At line 28 in file main.s
Comment: AGAIN used once
CTNU 00000012

Symbol: CTNU
   Definitions
      At line 26 in file main.s
   Uses
      At line 23 in file main.s
Comment: CTNU used once
Stop 0000001A

Symbol: Stop
   Definitions
      At line 30 in file main.s
   Uses
      At line 30 in file main.s
Comment: Stop used once
__main 00000000

Symbol: __main
   Definitions
      At line 16 in file main.s
   Uses
      At line 13 in file main.s
Comment: __main used once
myCode 00000000

Symbol: myCode
   Definitions
      At line 11 in file main.s
   Uses
      None
Comment: myCode unused
5 symbols
349 symbols in table
